[preview.colorlib.com/theme/unioncorp/index.html]
[backblue.gif]
[fade.gif]
[index.html]
[stackpath.bootstrapcdn.com/font-awesome/4.7.0/css/font-awesome.min.css]
[cdnjs.cloudflare.com/ajax/libs/ionicons/4.5.6/css/ionicons.min.css]
[preview.colorlib.com/theme/unioncorp/css/animate.css]
[preview.colorlib.com/theme/unioncorp/css/flaticon.css]
[preview.colorlib.com/theme/unioncorp/css/tiny-slider.css]
[preview.colorlib.com/theme/unioncorp/css/glightbox.min.css]
[preview.colorlib.com/theme/unioncorp/css/aos.css]
[preview.colorlib.com/theme/unioncorp/css/datepicker.min.css]
[preview.colorlib.com/theme/unioncorp/css/style.css]
[preview.colorlib.com/theme/unioncorp/about.html]
[preview.colorlib.com/theme/unioncorp/services.html]
[preview.colorlib.com/theme/unioncorp/work.html]
[preview.colorlib.com/theme/unioncorp/pricing.html]
[preview.colorlib.com/theme/unioncorp/blog.html]
[preview.colorlib.com/theme/unioncorp/contact.html]
[preview.colorlib.com/theme/unioncorp/images/bg_1.jpg]
[preview.colorlib.com/theme/unioncorp/images/bg_2.jpg]
[preview.colorlib.com/theme/unioncorp/images/bg_4.jpg]
[preview.colorlib.com/theme/unioncorp/images/gallery-1.jpg]
[preview.colorlib.com/theme/unioncorp/images/gallery-2.jpg]
[preview.colorlib.com/theme/unioncorp/images/gallery-3.jpg]
[preview.colorlib.com/theme/unioncorp/images/gallery-4.jpg]
[preview.colorlib.com/theme/unioncorp/images/bg_3.jpg]
[preview.colorlib.com/theme/unioncorp/images/staff-1.jpg]
[preview.colorlib.com/theme/unioncorp/images/staff-2.jpg]
[preview.colorlib.com/theme/unioncorp/images/staff-3.jpg]
[preview.colorlib.com/theme/unioncorp/images/staff-4.jpg]
[preview.colorlib.com/theme/unioncorp/images/staff-5.jpg]
[preview.colorlib.com/theme/unioncorp/images/staff-6.jpg]
[preview.colorlib.com/theme/unioncorp/images/staff-7.jpg]
[preview.colorlib.com/theme/unioncorp/images/staff-8.jpg]
[preview.colorlib.com/theme/unioncorp/images/person_1.jpg]
[preview.colorlib.com/theme/unioncorp/images/person_2.jpg]
[preview.colorlib.com/theme/unioncorp/images/person_3.jpg]
[preview.colorlib.com/theme/unioncorp/images/person_4.jpg]
[preview.colorlib.com/theme/unioncorp/blog-single.html]
[preview.colorlib.com/theme/unioncorp/images/image_1.jpg]
[preview.colorlib.com/theme/unioncorp/images/image_2.jpg]
[preview.colorlib.com/theme/unioncorp/images/image_3.jpg]
[preview.colorlib.com/theme/unioncorp/images/image_4.jpg]
[preview.colorlib.com/cdn-cgi/scripts/5c5dd728/cloudflare-static/email-decode.min.js]
[preview.colorlib.com/theme/unioncorp/js/bootstrap.bundle.min.js]
[preview.colorlib.com/theme/unioncorp/js/tiny-slider.js]
[preview.colorlib.com/theme/unioncorp/js/glightbox.min.js]
[preview.colorlib.com/theme/unioncorp/js/aos.js]
[preview.colorlib.com/theme/unioncorp/js/datepicker.min.js]
[preview.colorlib.com/theme/unioncorp/js/google-map.js]
[preview.colorlib.com/theme/unioncorp/js/main.js]
[preview.colorlib.com/theme/unioncorp/index.html]
[stackpath.bootstrapcdn.com/font-awesome/4.7.0/css/font-awesome.min.css]
[cdnjs.cloudflare.com/ajax/libs/ionicons/4.5.6/css/ionicons.min.css]
[preview.colorlib.com/theme/unioncorp/css/animate.css]
[preview.colorlib.com/theme/unioncorp/fonts/flaticon/font/Flaticon.eot]
[preview.colorlib.com/theme/unioncorp/fonts/flaticon/font/Flaticond41d.eot]
[preview.colorlib.com/theme/unioncorp/fonts/flaticon/font/Flaticon.woff]
[preview.colorlib.com/theme/unioncorp/fonts/flaticon/font/Flaticon.ttf]
[preview.colorlib.com/theme/unioncorp/css/flaticon.css]
[preview.colorlib.com/theme/unioncorp/css/tiny-slider.css]
[preview.colorlib.com/theme/unioncorp/css/glightbox.min.css]
[preview.colorlib.com/theme/unioncorp/css/aos.css]
[preview.colorlib.com/theme/unioncorp/css/datepicker.min.css]
[preview.colorlib.com/theme/unioncorp/css/style.css]
[preview.colorlib.com/theme/unioncorp/fonts/flaticon/font/Flaticon.svg]
[preview.colorlib.com/theme/unioncorp/images/about.jpg]
[preview.colorlib.com/theme/unioncorp/about.html]
[preview.colorlib.com/theme/unioncorp/services.html]
[preview.colorlib.com/theme/unioncorp/images/gallery-5.jpg]
[preview.colorlib.com/theme/unioncorp/images/gallery-6.jpg]
[preview.colorlib.com/theme/unioncorp/images/gallery-7.jpg]
[preview.colorlib.com/theme/unioncorp/images/gallery-8.jpg]
[preview.colorlib.com/theme/unioncorp/work.html]
[preview.colorlib.com/theme/unioncorp/pricing.html]
[preview.colorlib.com/theme/unioncorp/images/image_5.jpg]
[preview.colorlib.com/theme/unioncorp/images/image_6.jpg]
[preview.colorlib.com/theme/unioncorp/blog.html]
[preview.colorlib.com/theme/unioncorp/contact.html]
[preview.colorlib.com/theme/unioncorp/images/image_7.jpg]
[preview.colorlib.com/theme/unioncorp/blog-single.html]
[preview.colorlib.com/theme/unioncorp/fonts/flaticon/font/Flaticon.svg]
